Lab - Output, Download and Uncompress
==========
Follow the instructions line-by-line.  

* Type in the commands as is, but ignore the beginning prompt.  
* Enter, tab, up and down are represented by <ENTER><TAB>,<UP> and <DOWN>.  
* "No output" or "nothing happens" are valid answers to any of the questions.
==========


==========
We're going to be echoing stuff to the console and cleaning it up.
==========
==========
1. Type:

$ echo hello

Copy and paste the output below.
---------- hello



==========
2. Type:

$ echo hello there

Copy and paste the output below.
---------- hello there



==========
3. Type:

$ echo good mornin'

Copy and paste the output below.
---------- > 



==========
4. Uh-oh... we're stuck!

Type [CTRL + C] to get your prompt back.
----------



==========
5. Say good mornin' again with quotes!

$ echo "good mornin'"

Copy and paste the output below.
---------- good mornin'



==========
6. There are some other symbols that have special meanings if you don't quote them.  For example, > brings up a different prompt.  Try *.

$ echo *

What happens?
---------- Desktop Documents Downloads Movies Music Pictures Videos aardvark helloWorld house mtec1003 pineapple suhuanli textfile.txt



==========
7. Ok... that's a lot of output.  How do we clean up our screen so that it's empty again?

Write the command that you used below:
---------- clear



==========
We're going to practice downloading files from a web site.  We'll use this practice to download more lab materials!
==========
==========
8. Now let's try downloading a file from a web site.  Type in the URL *exactly* as is: google.com.

$ curl google.com

Copy and paste the output below.
---------- <HTML><HEAD><meta http-equiv="content-type" content="text/html;charset=utf-8">
<TITLE>301 Moved</TITLE></HEAD><BODY>
<H1>301 Moved</H1>
The document has moved
<A HREF="http://www.google.com/">here</A>.
</BODY></HTML>



==========
9. And again.  This time, add www to the URL.

$ curl www.google.com

Copy and paste the output below, but not the whole thing!  Just copy up to the part that has the title tags (<title>......</title>).
---------- <!doctype html><html itemscope="" itemtype="http://schema.org/WebPage" lang="en"><head><meta content="Search the world's information, including webpages, images, videos and more. Google has many special features to help you find exactly what you're looking for." name="description"><meta content="noodp" name="robots"><meta content="text/html; charset=UTF-8" http-equiv="Content-Type"><meta content="/images/branding/googleg/1x/googleg_standard_color_128dp.png" itemprop="image"><title>Google</title><script nonce="WyfXSDDTAnQ7ZcH5uv3rvw==">(function(){window.google={kEI:'19c-YOuaHsec5gK2_rzQAQ',kEXPI:'0,1302440,56969,954,5105,206,4804,2316,383,246,5,1353,1302,3635,315,1664,677,1120174,1233,1196527,522,328985,51223,16115,28684,9188,8384,4859,1361,9290,3025,2820,1923,1848,4720,6273,4020,978,13228,2054,920,873,3600,592,6430,1142,13386,4516,2778,919,1832,445,8,2796,885,708,1279,2212,530,149,1103,840,517,1466,56,4258,1447,1,3,2063,606,2023,1733,43,521,4269,328,1284,8789,3227,2845,7,12354,5096,7876,4929,108,1483,1925,907,2,941,2614,2397,2650,4820,1,2842,432,3,346,1244,1,820,1,4623,149,5990,5333,2652,4,1528,2304,1236,1145,4658,74,1717,266,2627,459,1555,4,5098,4599,1426,374,3824,1299,1407,344,2658,4242,519,912,566,1118,30,3854,4275,3286,2213,1400,905,638,37,1457,605,2,1484,3495,2361,55,3129,2275,1386,559,28,11,731,665,1701,444,114,263,2832,455,2548,479,142,370,1,1961,782,359,18,49,99,2972,6,908,3,163,3287,91,1,4174,766,409,637,89,924,1711,638,487,610,659,349,3257,1,1186,377,2,248,38,245,709,263,3374,1940,618,1266,233,447,499,2,18,33,18,322,669,1,1140,1779,327,401,31,2859,710,77,139,433,828,115,179,2,77,1260,57,176,580,659,118,1,5,22,708,170,259,108,1339,379,2,1179,7,1868,485,69,175,2,605,430,11,1,200,3283,351,242,839,71,569,206,114,569,4,75,32,227,163,2,2,762,135,129,2213,1,57,872,1039,501,337,177,307,5682945,3870,35,62,145,5997097,2800707,549,333,444,1,2,80,1,1796,1,9,2,2551,1,748,141,795,563,1,4265,1,1,2,1331,3299,248,595,1,2608,155,17,13,72,174,9,121,34,13,16,46,5,39,50,35,2,23956851,2776206,1234068,268,730,2,148,2,775,25333',kBL:'eq1O'};google.sn='webhp';google.kHL='en';})();(function(){
var f=[];google.getEI=function(a){for(var b;a&&(!a.getAttribute||!(b=a.getAttribute("eid")));)a=a.parentNode;return b||google.kEI};google.getLEI=function(a){for(var b=null;a&&(!a.getAttribute||!(b=a.getAttribute("leid")));)a=a.parentNode;return b};google.ml=function(){return null};google.log=function(a,b,c,d,g){if(c=google.logUrl(a,b,c,d,g)){a=new Image;var e=f.length;f[e]=a;a.onerror=a.onload=a.onabort=function(){delete f[e]};a.src=c}};google.logUrl=function(a,b,c,d,g){var e="";c||-1!=b.search("&ei=")||(e="&ei="+google.getEI(d),-1==b.search("&lei=")&&(d=google.getLEI(d))&&(e+="&lei="+d));d="";!c&&window._cshid&&-1==b.search("&cshid=")&&"slh"!=a&&(d="&cshid="+window._cshid);c=c||"/"+(g||"gen_204")+"?atyp=i&ct="+a+"&cad="+b+e+"&zx="+Date.now()+d;/^http:/i.test(c)&&"https:"==window.location.protocol&&(google.ml(Error("a"),!1,{src:c,glmm:1}),c="");return c};}).call(this);(function(){google.y={};google.x=function(a,b){if(a)var c=a.id;else{do c=Math.random();while(google.y[c])}google.y[c]=[a,b];return!1};google.lm=[];google.plm=function(a){google.lm.push.apply(google.lm,a)};google.lq=[];google.load=function(a,b,c){google.lq.push([[a],b,c])};google.loadAll=function(a,b){google.lq.push([a,b])};google.bx=!1;google.lx=function(){};}).call(this);google.f={};(function(){
document.documentElement.addEventListener("submit",function(b){var a;if(a=b.target){var c=a.getAttribute("data-submitfalse");a="1"==c||"q"==c&&!a.elements.q.value?!0:!1}else a=!1;a&&(b.preventDefault(),b.stopPropagation())},!0);document.documentElement.addEventListener("click",function(b){var a;a:{for(a=b.target;a&&a!=document.documentElement;a=a.parentElement)if("A"==a.tagName){a="1"==a.getAttribute("data-nohref");break a}a=!1}a&&b.preventDefault()},!0);}).call(this);
var a=window.location,b=a.href.indexOf("#");if(0<=b){var c=a.href.substring(b+1);/(^|&)q=/.test(c)&&-1==c.indexOf("#")&&a.replace("/search?"+c.replace(/(^|&)fp=[^&]*/g,"")+"&cad=h")};</script><style>#gbar,#guser{font-size:13px;padding-top:1px !important;}#gbar{height:22px}#guser{padding-bottom:7px !important;text-align:right}.gbh,.gbd{border-top:1px solid #c9d7f1;font-size:1px}.gbh{height:0;position:absolute;top:24px;width:100%}@media all{.gb1{height:22px;margin-right:.5em;vertical-align:top}#gbar{float:left}}a.gb1,a.gb4{text-decoration:underline !important}a.gb1,a.gb4{color:#00c !important}.gbi .gb4{color:#dd8e27 !important}.gbf .gb4{color:#900 !important}
</style><style>body,td,a,p,.h{font-family:arial,sans-serif}body{margin:0;overflow-y:scroll}#gog{padding:3px 8px 0}td{line-height:.8em}.gac_m td{line-height:17px}form{margin-bottom:20px}.h{color:#1558d6}em{font-weight:bold;font-style:normal}.lst{height:25px;width:496px}.gsfi,.lst{font:18px arial,sans-serif}.gsfs{font:17px arial,sans-serif}.ds{display:inline-box;display:inline-block;margin:3px 0 4px;margin-left:4px}input{font-family:inherit}body{background:#fff;color:#000}a{color:#4b11a8;text-decoration:none}a:hover,a:active{text-decoration:underline}.fl a{color:#1558d6}a:visited{color:#4b11a8}.sblc{padding-top:5px}.sblc a{display:block;margin:2px 0;margin-left:13px;font-size:11px}.lsbb{background:#f8f9fa;border:solid 1px;border-color:#dadce0 #70757a #70757a #dadce0;height:30px}.lsbb{display:block}#WqQANb a{display:inline-block;margin:0 12px}.lsb{background:url(/images/nav_logo229.png) 0 -261px repeat-x;border:none;color:#000;cursor:pointer;height:30px;margin:0;outline:0;font:15px arial,sans-serif;vertical-align:top}.lsb:active{background:#dadce0}.lst:focus{outline:none}</style><script nonce="WyfXSDDTAnQ7ZcH5uv3rvw=="></script></head><body bgcolor="#fff"><script nonce="WyfXSDDTAnQ7ZcH5uv3rvw==">(function(){var src='/images/nav_logo229.png';var iesg=false;document.body.onload = function(){window.n && window.n();if (document.images){new Image().src=src;}
if (!iesg){document.f&&document.f.q.focus();document.gbqf&&document.gbqf.q.focus();}
}
})();</script><div id="mngb"><div id=gbar><nobr><b class=gb1>Search</b> <a class=gb1 href="http://www.google.com/imghp?hl=en&tab=wi">Images</a> <a class=gb1 href="http://maps.google.com/maps?hl=en&tab=wl">Maps</a> <a class=gb1 href="https://play.google.com/?hl=en&tab=w8">Play</a> <a class=gb1 href="http://www.youtube.com/?gl=US&tab=w1">YouTube</a> <a class=gb1 href="https://news.google.com/?tab=wn">News</a> <a class=gb1 href="https://mail.google.com/mail/?tab=wm">Gmail</a> <a class=gb1 href="https://drive.google.com/?tab=wo">Drive</a> <a class=gb1 style="text-decoration:none" href="https://www.google.com/intl/en/about/products?tab=wh"><u>More</u> &raquo;</a></nobr></div><div id=guser width=100%><nobr><span id=gbn class=gbi></span><span id=gbf class=gbf></span><span id=gbe></span><a href="http://www.google.com/history/optout?hl=en" class=gb4>Web History</a> | <a  href="/preferences?hl=en" class=gb4>Settings</a> | <a target=_top id=gb_70 href="https://accounts.google.com/ServiceLogin?hl=en&passive=true&continue=http://www.google.com/&ec=GAZAAQ" class=gb4>Sign in</a></nobr></div><div class=gbh style=left:0></div><div class=gbh style=right:0></div></div><center><br clear="all" id="lgpd"><div id="lga"><img alt="Google" height="92" src="/images/branding/googlelogo/1x/googlelogo_white_background_color_272x92dp.png" style="padding:28px 0 14px" width="272" id="hplogo"><br><br></div><form action="/search" name="f"><table cellpadding="0" cellspacing="0"><tr valign="top"><td width="25%">&nbsp;</td><td align="center" nowrap=""><input name="ie" value="ISO-8859-1" type="hidden"><input value="en" name="hl" type="hidden"><input name="source" type="hidden" value="hp"><input name="biw" type="hidden"><input name="bih" type="hidden"><div class="ds" style="height:32px;margin:4px 0"><input class="lst" style="margin:0;padding:5px 8px 0 6px;vertical-align:top;color:#000" autocomplete="off" value="" title="Google Search" maxlength="2048" name="q" size="57"></div><br style="line-height:0"><span class="ds"><span class="lsbb"><input class="lsb" value="Google Search" name="btnG" type="submit"></span></span><span class="ds"><span class="lsbb"><input class="lsb" id="tsuid1" value="I'm Feeling Lucky" name="btnI" type="submit"><script nonce="WyfXSDDTAnQ7ZcH5uv3rvw==">(function(){var id='tsuid1';document.getElementById(id).onclick = function(){if (this.form.q.value){this.checked = 1;if (this.form.iflsig)this.form.iflsig.disabled = false;}
else top.location='/doodles/';};})();</script><input value="AINFCbYAAAAAYD7l5_YLTNiSxBOrz94jYa85fMgfOx3y" name="iflsig" type="hidden"></span></span></td><td class="fl sblc" align="left" nowrap="" width="25%"><a href="/advanced_search?hl=en&amp;authuser=0">Advanced search</a></td></tr></table><input id="gbv" name="gbv" type="hidden" value="1"><script nonce="WyfXSDDTAnQ7ZcH5uv3rvw==">(function(){var a,b="1";if(document&&document.getElementById)if("undefined"!=typeof XMLHttpRequest)b="2";else if("undefined"!=typeof ActiveXObject){var c,d,e=["MSXML2.XMLHTTP.6.0","MSXML2.XMLHTTP.3.0","MSXML2.XMLHTTP","Microsoft.XMLHTTP"];for(c=0;d=e[c++];)try{new ActiveXObject(d),b="2"}catch(h){}}a=b;if("2"==a&&-1==location.search.indexOf("&gbv=2")){var f=google.gbvu,g=document.getElementById("gbv");g&&(g.value=a);f&&window.setTimeout(function(){location.href=f},0)};}).call(this);</script></form><div id="gac_scont"></div><div style="font-size:83%;min-height:3.5em"><br></div><span id="footer"><div style="font-size:10pt"><div style="margin:19px auto;text-align:center" id="WqQANb"><a href="/intl/en/ads/">Advertisingï¿½Programs</a><a href="/services/">Business Solutions</a><a href="/intl/en/about.html">About Google</a></div></div><p style="font-size:8pt;color:#70757a">&copy; 2021 - <a href="/intl/en/policies/privacy/">Privacy</a> - <a href="/intl/en/policies/terms/">Terms</a></p></span></center><script nonce="WyfXSDDTAnQ7ZcH5uv3rvw==">(function(){window.google.cdo={height:0,width:0};(function(){var a=window.innerWidth,b=window.innerHeight;if(!a||!b){var c=window.document,d="CSS1Compat"==c.compatMode?c.documentElement:c.body;a=d.clientWidth;b=d.clientHeight}a&&b&&(a!=google.cdo.width||b!=google.cdo.height)&&google.log("","","/client_204?&atyp=i&biw="+a+"&bih="+b+"&ei="+google.kEI);}).call(this);})();(function(){var u='/xjs/_/js/k\x3dxjs.hp.en_US.wTAk6tzdRYA.O/m\x3dsb_he,d/am\x3dAHiCOA/d\x3d1/rs\x3dACT90oEUfwVFzkkmvBsoDrm6i3yJqtLH-w';
var d=this||self,e=/^[\w+/_-]+[=]{0,2}$/,f=null,g=function(a){return(a=a.querySelector&&a.querySelector("script[nonce]"))&&(a=a.nonce||a.getAttribute("nonce"))&&e.test(a)?a:""},h=function(a){return a};var l;var n=function(a,b){this.g=b===m?a:""};n.prototype.toString=function(){return this.g+""};var m={};function p(){var a=u;google.lx=function(){q(a);google.lx=function(){}};google.bx||google.lx()}
function q(a){var b=document;var c="SCRIPT";"application/xhtml+xml"===b.contentType&&(c=c.toLowerCase());c=b.createElement(c);if(void 0===l){b=null;var k=d.trustedTypes;if(k&&k.createPolicy){try{b=k.createPolicy("goog#html",{createHTML:h,createScript:h,createScriptURL:h})}catch(r){d.console&&d.console.error(r.message)}l=b}else l=b}a=(b=l)?b.createScriptURL(a):a;a=new n(a,m);c.src=a instanceof n&&a.constructor===n?a.g:"type_error:TrustedResourceUrl";(a=c.ownerDocument&&c.ownerDocument.defaultView)&&
a!=d?a=g(a.document):(null===f&&(f=g(d.document)),a=f);a&&c.setAttribute("nonce",a);google.timers&&google.timers.load&&google.tick&&google.tick("load","xjsls");document.body.appendChild(c)};setTimeout(function(){p()},0);})();(function(){window.google.xjsu='/xjs/_/js/k\x3dxjs.hp.en_US.wTAk6tzdRYA.O/m\x3dsb_he,d/am\x3dAHiCOA/d\x3d1/rs\x3dACT90oEUfwVFzkkmvBsoDrm6i3yJqtLH-w';})();function _DumpException(e){throw e;}
function _F_installCss(c){}
(function(){google.jl={blt:'none',dw:false,em:[],emw:false,lls:'default',pdt:0,snet:true,uwp:true};})();(function(){var pmc='{\x22d\x22:{},\x22sb_he\x22:{\x22agen\x22:true,\x22cgen\x22:true,\x22client\x22:\x22heirloom-hp\x22,\x22dh\x22:true,\x22dhqt\x22:true,\x22ds\x22:\x22\x22,\x22ffql\x22:\x22en\x22,\x22fl\x22:true,\x22host\x22:\x22google.com\x22,\x22isbh\x22:28,\x22jsonp\x22:true,\x22msgs\x22:{\x22cibl\x22:\x22Clear Search\x22,\x22dym\x22:\x22Did you mean:\x22,\x22lcky\x22:\x22I\\u0026#39;m Feeling Lucky\x22,\x22lml\x22:\x22Learn more\x22,\x22oskt\x22:\x22Input tools\x22,\x22psrc\x22:\x22This search was removed from your \\u003Ca href\x3d\\\x22/history\\\x22\\u003EWeb History\\u003C/a\\u003E\x22,\x22psrl\x22:\x22Remove\x22,\x22sbit\x22:\x22Search by image\x22,\x22srch\x22:\x22Google Search\x22},\x22nrft\x22:false,\x22ovr\x22:{},\x22pq\x22:\x22\x22,\x22refpd\x22:true,\x22rfs\x22:[],\x22sbas\x22:\x220 3px 8px 0 rgba(0,0,0,0.2),0 0 0 1px rgba(0,0,0,0.08)\x22,\x22sbpl\x22:16,\x22sbpr\x22:16,\x22scd\x22:10,\x22stok\x22:\x22E1Z79wttwNY6AAnJmGmMqFF8tRU\x22,\x22uhde\x22:false}}';google.pmc=JSON.parse(pmc);})();</script>        </body></html>root@LAPTOP-41CAFRD0:~# 



==========
10. That's great, but what if I want to save the file?  What flag/option and option argument would I use to download the page to a file called google.html?  Run it to download the URL www.google.com.

Write the command you used below.  Also copy and paste the output below.
---------- curl -o google.html www.google.com
% Total    % Received % Xferd  Average Speed   Time    Time     Time  Current
                                 Dload  Upload   Total   Spent    Left  Speed
100 12842    0 12842    0     0   107k      0 --:--:-- --:--:-- --:--:--  107k


==========
11. Now let's download the lab file for this homework.  First, figure out what directory you're in.

Write the command you used to determine your directory.  Also, copy and paste the output below.
----------



==========
12. If you're not in your home directory, change to it (use the shortcut).

Write the command that you used to change to your home directory.  If you were already in your home directory, write the command that you *would* have used to change to it!
----------



==========
13. So... the lab materials are located at this url:

https://filebin.net/retypweqyn7h8vrg/mtec1003-lab-02.zip?t=a0ulqlss

Download the file using curl... to a file called mtec1003-lab-02.zip using the commandline.  

REMEMBER to use the -o flag, and follow it with a .zip extension! 

Use ls to verify that it downloaded.

Write down the command that you used to download the file below.  Additionally, write the output of the command below.
----------



==========
14. We learned a command to uncompress a .zip file.  Use it to extract the files and folders from the file you just downloaded.

Write down the command that you used to uncompress the file.
----------



==========
15. Change to the directory that was just created.  List the contents (of the directory that was extracted from the labs .zip file). 

Copy and paste the output below.
----------



==========
We're going to mess around with archiving and compressing files.  We'll make a directory with a file in it... archive and compress it.... and uncompress it elsewhere.
==========
==========
16. Go back up to your home directory.  Create a directory called stuff.  List the contents of your home directory to prove that the directory was created.

Copy and paste the output below.
----------



==========
17. Change into the "stuff" directory that you just created.  Run the following command (we haven't learned this exact command yet, but we will in the next lab!) exactly as described below:

$ echo "hi" > hello.txt

List the files in the directory you're currently in (which should be stuff).  

Copy and paste the output below.
----------



==========
18. Go up one directory back into your home directory.  Run the following commands exactly to create a compressed archive of the stuff folder.

$ tar -cvf stuff.tar stuff

List the files in the directory you're currently in (which should be home).  

Copy and paste the output below.
----------



==========
19. Go up one directory back into your home directory.  Run the following commands exactly to create a compressed archive of the stuff folder.

$ tar -cvf stuff.tar stuff

Copy and paste the output below.
----------



==========
20. List the files in the directory you're currently in (which should be home).  

Copy and paste the output below. (It should contain stuff.tar)
----------



==========
21. Now compress it!  Type:

gzip stuff.tar

List your files again.... you should have a new file with a .gz extension.  Copy and paste the output of your this below.
----------



==========
22. Move stuff.tar.gz into the lab directory that we downloaded.  We didn't learn this command yet, so just type in exactly as is:

$ mv stuff.tar.gz mtec1002-lab-02 

MAKE SURE YOU MOVE THE FILE THAT ENDS IN .gz!

Change your directory to mtec1002-lab-02.  

List the files.  Copy and paste the output below (stuff.tar.gz should be there).
----------


==========
23. You should be in the lab directory.  Let's uncompress the file.

$ tar -xvf stuff.tar.gz

List the files.  Copy and paste the output below (the folder, stuff, should be there).
----------



==========
24. Go back to your home directory
[No output]
----------



==========
25. Download and uncompress this file using curl and tar -xvf in your home directory:

https://filebin.net/retypweqyn7h8vrg/secret.tar.gz?t=5jze7uyg

REMEMBER to use the -o flag and specifiy a filenmae that ends in .tar.gz

Write out the commands that you used to do this.
----------



==========
26. How many files were in the archive.  What were their names?  Write out your answers below.
----------
